Archive member included to satisfy reference by file (symbol)

e:/programs/stmicroelectronics/systemworkbench/plugins/fr.ac6.mcu.externaltools.arm-none.win32_1.7.0.201602121829/tools/compiler/bin/../lib/gcc/arm-none-eabi/5.2.1/../../../../arm-none-eabi/lib/armv7-m\libm.a(lib_a-w_pow.o)
                              Application/User/main.o (pow)
e:/programs/stmicroelectronics/systemworkbench/plugins/fr.ac6.mcu.externaltools.arm-none.win32_1.7.0.201602121829/tools/compiler/bin/../lib/gcc/arm-none-eabi/5.2.1/../../../../arm-none-eabi/lib/armv7-m\libm.a(lib_a-e_pow.o)
                              e:/programs/stmicroelectronics/systemworkbench/plugins/fr.ac6.mcu.externaltools.arm-none.win32_1.7.0.201602121829/tools/compiler/bin/../lib/gcc/arm-none-eabi/5.2.1/../../../../arm-none-eabi/lib/armv7-m\libm.a(lib_a-w_pow.o) (__ieee754_pow)
e:/programs/stmicroelectronics/systemworkbench/plugins/fr.ac6.mcu.externaltools.arm-none.win32_1.7.0.201602121829/tools/compiler/bin/../lib/gcc/arm-none-eabi/5.2.1/../../../../arm-none-eabi/lib/armv7-m\libm.a(lib_a-e_sqrt.o)
                              e:/programs/stmicroelectronics/systemworkbench/plugins/fr.ac6.mcu.externaltools.arm-none.win32_1.7.0.201602121829/tools/compiler/bin/../lib/gcc/arm-none-eabi/5.2.1/../../../../arm-none-eabi/lib/armv7-m\libm.a(lib_a-e_pow.o) (__ieee754_sqrt)
e:/programs/stmicroelectronics/systemworkbench/plugins/fr.ac6.mcu.externaltools.arm-none.win32_1.7.0.201602121829/tools/compiler/bin/../lib/gcc/arm-none-eabi/5.2.1/../../../../arm-none-eabi/lib/armv7-m\libm.a(lib_a-s_fabs.o)
                              e:/programs/stmicroelectronics/systemworkbench/plugins/fr.ac6.mcu.externaltools.arm-none.win32_1.7.0.201602121829/tools/compiler/bin/../lib/gcc/arm-none-eabi/5.2.1/../../../../arm-none-eabi/lib/armv7-m\libm.a(lib_a-e_pow.o) (fabs)
e:/programs/stmicroelectronics/systemworkbench/plugins/fr.ac6.mcu.externaltools.arm-none.win32_1.7.0.201602121829/tools/compiler/bin/../lib/gcc/arm-none-eabi/5.2.1/../../../../arm-none-eabi/lib/armv7-m\libm.a(lib_a-s_finite.o)
                              e:/programs/stmicroelectronics/systemworkbench/plugins/fr.ac6.mcu.externaltools.arm-none.win32_1.7.0.201602121829/tools/compiler/bin/../lib/gcc/arm-none-eabi/5.2.1/../../../../arm-none-eabi/lib/armv7-m\libm.a(lib_a-w_pow.o) (finite)
e:/programs/stmicroelectronics/systemworkbench/plugins/fr.ac6.mcu.externaltools.arm-none.win32_1.7.0.201602121829/tools/compiler/bin/../lib/gcc/arm-none-eabi/5.2.1/../../../../arm-none-eabi/lib/armv7-m\libm.a(lib_a-s_fpclassify.o)
                              e:/programs/stmicroelectronics/systemworkbench/plugins/fr.ac6.mcu.externaltools.arm-none.win32_1.7.0.201602121829/tools/compiler/bin/../lib/gcc/arm-none-eabi/5.2.1/../../../../arm-none-eabi/lib/armv7-m\libm.a(lib_a-w_pow.o) (__fpclassifyd)
e:/programs/stmicroelectronics/systemworkbench/plugins/fr.ac6.mcu.externaltools.arm-none.win32_1.7.0.201602121829/tools/compiler/bin/../lib/gcc/arm-none-eabi/5.2.1/../../../../arm-none-eabi/lib/armv7-m\libm.a(lib_a-s_lib_ver.o)
                              e:/programs/stmicroelectronics/systemworkbench/plugins/fr.ac6.mcu.externaltools.arm-none.win32_1.7.0.201602121829/tools/compiler/bin/../lib/gcc/arm-none-eabi/5.2.1/../../../../arm-none-eabi/lib/armv7-m\libm.a(lib_a-w_pow.o) (__fdlib_version)
e:/programs/stmicroelectronics/systemworkbench/plugins/fr.ac6.mcu.externaltools.arm-none.win32_1.7.0.201602121829/tools/compiler/bin/../lib/gcc/arm-none-eabi/5.2.1/../../../../arm-none-eabi/lib/armv7-m\libm.a(lib_a-s_matherr.o)
                              e:/programs/stmicroelectronics/systemworkbench/plugins/fr.ac6.mcu.externaltools.arm-none.win32_1.7.0.201602121829/tools/compiler/bin/../lib/gcc/arm-none-eabi/5.2.1/../../../../arm-none-eabi/lib/armv7-m\libm.a(lib_a-w_pow.o) (matherr)
e:/programs/stmicroelectronics/systemworkbench/plugins/fr.ac6.mcu.externaltools.arm-none.win32_1.7.0.201602121829/tools/compiler/bin/../lib/gcc/arm-none-eabi/5.2.1/../../../../arm-none-eabi/lib/armv7-m\libm.a(lib_a-s_nan.o)
                              e:/programs/stmicroelectronics/systemworkbench/plugins/fr.ac6.mcu.externaltools.arm-none.win32_1.7.0.201602121829/tools/compiler/bin/../lib/gcc/arm-none-eabi/5.2.1/../../../../arm-none-eabi/lib/armv7-m\libm.a(lib_a-e_pow.o) (nan)
e:/programs/stmicroelectronics/systemworkbench/plugins/fr.ac6.mcu.externaltools.arm-none.win32_1.7.0.201602121829/tools/compiler/bin/../lib/gcc/arm-none-eabi/5.2.1/../../../../arm-none-eabi/lib/armv7-m\libm.a(lib_a-s_rint.o)
                              e:/programs/stmicroelectronics/systemworkbench/plugins/fr.ac6.mcu.externaltools.arm-none.win32_1.7.0.201602121829/tools/compiler/bin/../lib/gcc/arm-none-eabi/5.2.1/../../../../arm-none-eabi/lib/armv7-m\libm.a(lib_a-w_pow.o) (rint)
[...]
Memory Configuration

Name             Origin             Length             Attributes
FLASH            0x08000000         0x00040000         xr
RAM              0x20000000         0x0000c000         xrw
*default*        0x00000000         0xffffffff

Linker script and memory map

LOAD e:/programs/stmicroelectronics/systemworkbench/plugins/fr.ac6.mcu.externaltools.arm-none.win32_1.7.0.201602121829/tools/compiler/bin/../lib/gcc/arm-none-eabi/5.2.1/armv7-m/crti.o
LOAD e:/programs/stmicroelectronics/systemworkbench/plugins/fr.ac6.mcu.externaltools.arm-none.win32_1.7.0.201602121829/tools/compiler/bin/../lib/gcc/arm-none-eabi/5.2.1/armv7-m/crtbegin.o
LOAD e:/programs/stmicroelectronics/systemworkbench/plugins/fr.ac6.mcu.externaltools.arm-none.win32_1.7.0.201602121829/tools/compiler/bin/../lib/gcc/arm-none-eabi/5.2.1/../../../../arm-none-eabi/lib/armv7-m/crt0.o
LOAD e:/programs/stmicroelectronics/systemworkbench/plugins/fr.ac6.mcu.externaltools.arm-none.win32_1.7.0.201602121829/tools/compiler/bin/../lib/gcc/arm-none-eabi/5.2.1/../../../../arm-none-eabi/lib/armv7-m\libm.a
LOAD Drivers/STM32F1xx_HAL_Driver/stm32f1xx_hal.o
LOAD Drivers/STM32F1xx_HAL_Driver/stm32f1xx_hal_adc.o
LOAD Drivers/STM32F1xx_HAL_Driver/stm32f1xx_hal_adc_ex.o
LOAD Drivers/STM32F1xx_HAL_Driver/stm32f1xx_hal_cortex.o
LOAD Drivers/STM32F1xx_HAL_Driver/stm32f1xx_hal_dma.o
LOAD Drivers/STM32F1xx_HAL_Driver/stm32f1xx_hal_flash.o
LOAD Drivers/STM32F1xx_HAL_Driver/stm32f1xx_hal_flash_ex.o
LOAD Drivers/STM32F1xx_HAL_Driver/stm32f1xx_hal_gpio.o
LOAD Drivers/STM32F1xx_HAL_Driver/stm32f1xx_hal_gpio_ex.o
LOAD Drivers/STM32F1xx_HAL_Driver/stm32f1xx_hal_pwr.o
LOAD Drivers/STM32F1xx_HAL_Driver/stm32f1xx_hal_rcc.o
LOAD Drivers/STM32F1xx_HAL_Driver/stm32f1xx_hal_rcc_ex.o
LOAD Drivers/STM32F1xx_HAL_Driver/stm32f1xx_hal_tim.o
LOAD Drivers/STM32F1xx_HAL_Driver/stm32f1xx_hal_tim_ex.o
LOAD Drivers/CMSIS/system_stm32f1xx.o
LOAD Application/User/main.o
LOAD Application/User/stm32f1xx_hal_msp.o
LOAD Application/User/stm32f1xx_it.o
LOAD Application/SW4STM32/startup_stm32f103xe.o
LOAD e:/programs/stmicroelectronics/systemworkbench/plugins/fr.ac6.mcu.externaltools.arm-none.win32_1.7.0.201602121829/tools/compiler/bin/../lib/gcc/arm-none-eabi/5.2.1/../../../../arm-none-eabi/lib/armv7-m\libm.a
START GROUP
LOAD e:/programs/stmicroelectronics/systemworkbench/plugins/fr.ac6.mcu.externaltools.arm-none.win32_1.7.0.201602121829/tools/compiler/bin/../lib/gcc/arm-none-eabi/5.2.1/armv7-m\libgcc.a
LOAD e:/programs/stmicroelectronics/systemworkbench/plugins/fr.ac6.mcu.externaltools.arm-none.win32_1.7.0.201602121829/tools/compiler/bin/../lib/gcc/arm-none-eabi/5.2.1/../../../../arm-none-eabi/lib/armv7-m\libc_nano.a
END GROUP
START GROUP
LOAD e:/programs/stmicroelectronics/systemworkbench/plugins/fr.ac6.mcu.externaltools.arm-none.win32_1.7.0.201602121829/tools/compiler/bin/../lib/gcc/arm-none-eabi/5.2.1/armv7-m\libgcc.a
LOAD e:/programs/stmicroelectronics/systemworkbench/plugins/fr.ac6.mcu.externaltools.arm-none.win32_1.7.0.201602121829/tools/compiler/bin/../lib/gcc/arm-none-eabi/5.2.1/../../../../arm-none-eabi/lib/armv7-m\libc_nano.a
LOAD e:/programs/stmicroelectronics/systemworkbench/plugins/fr.ac6.mcu.externaltools.arm-none.win32_1.7.0.201602121829/tools/compiler/bin/../lib/gcc/arm-none-eabi/5.2.1/../../../../arm-none-eabi/lib/armv7-m\libnosys.a
END GROUP
START GROUP
LOAD e:/programs/stmicroelectronics/systemworkbench/plugins/fr.ac6.mcu.externaltools.arm-none.win32_1.7.0.201602121829/tools/compiler/bin/../lib/gcc/arm-none-eabi/5.2.1/armv7-m\libgcc.a
LOAD e:/programs/stmicroelectronics/systemworkbench/plugins/fr.ac6.mcu.externaltools.arm-none.win32_1.7.0.201602121829/tools/compiler/bin/../lib/gcc/arm-none-eabi/5.2.1/../../../../arm-none-eabi/lib/armv7-m\libc_nano.a
LOAD e:/programs/stmicroelectronics/systemworkbench/plugins/fr.ac6.mcu.externaltools.arm-none.win32_1.7.0.201602121829/tools/compiler/bin/../lib/gcc/arm-none-eabi/5.2.1/../../../../arm-none-eabi/lib/armv7-m\libnosys.a
END GROUP
LOAD e:/programs/stmicroelectronics/systemworkbench/plugins/fr.ac6.mcu.externaltools.arm-none.win32_1.7.0.201602121829/tools/compiler/bin/../lib/gcc/arm-none-eabi/5.2.1/armv7-m/crtend.o
LOAD e:/programs/stmicroelectronics/systemworkbench/plugins/fr.ac6.mcu.externaltools.arm-none.win32_1.7.0.201602121829/tools/compiler/bin/../lib/gcc/arm-none-eabi/5.2.1/armv7-m/crtn.o
                0x2000c000                _estack = 0x2000c000
                0x00000200                _Min_Heap_Size = 0x200
                0x00000400                _Min_Stack_Size = 0x400

.isr_vector     0x08000000      0x1e4
                0x08000000                . = ALIGN (0x4)
 *(.isr_vector)
 .isr_vector    0x08000000      0x1e4 Application/SW4STM32/startup_stm32f103xe.o
                0x08000000                g_pfnVectors
                0x080001e4                . = ALIGN (0x4)

.text           0x080001e8     0x441c
                0x080001e8                . = ALIGN (0x4)
 *(.text)
 .text          0x080001e8       0xa4 e:/programs/stmicroelectronics/systemworkbench/plugins/fr.ac6.mcu.externaltools.arm-none.win32_1.7.0.201602121829/tools/compiler/bin/../lib/gcc/arm-none-eabi/5.2.1/armv7-m/crtbegin.o
 .text          0x0800028c      0x370 e:/programs/stmicroelectronics/systemworkbench/plugins/fr.ac6.mcu.externaltools.arm-none.win32_1.7.0.201602121829/tools/compiler/bin/../lib/gcc/arm-none-eabi/5.2.1/armv7-m\libgcc.a(_arm_addsubdf3.o)
                0x0800028c                __aeabi_drsub
                0x08000294                __aeabi_dsub
                0x08000294                __subdf3
                0x08000298                __aeabi_dadd
                0x08000298                __adddf3
                0x08000510                __floatunsidf
                0x08000510                __aeabi_ui2d
                0x08000530                __floatsidf
                0x08000530                __aeabi_i2d
                0x08000554                __aeabi_f2d
                0x08000554                __extendsfdf2
                0x08000590                __floatundidf
                0x08000590                __aeabi_ul2d
                0x080005a0                __floatdidf
                0x080005a0                __aeabi_l2d
 .text          0x080005fc      0x424 e:/programs/stmicroelectronics/systemworkbench/plugins/fr.ac6.mcu.externaltools.arm-none.win32_1.7.0.201602121829/tools/compiler/bin/../lib/gcc/arm-none-eabi/5.2.1/armv7-m\libgcc.a(_arm_muldivdf3.o)
                0x080005fc                __aeabi_dmul
                0x080005fc                __muldf3
                0x08000850                __divdf3
                0x08000850                __aeabi_ddiv
 .text          0x08000a20      0x110 e:/programs/stmicroelectronics/systemworkbench/plugins/fr.ac6.mcu.externaltools.arm-none.win32_1.7.0.201602121829/tools/compiler/bin/../lib/gcc/arm-none-eabi/5.2.1/armv7-m\libgcc.a(_arm_cmpdf2.o)
                0x08000a20                __gtdf2
                0x08000a20                __gedf2
                0x08000a28                __ltdf2
                0x08000a28                __ledf2
                0x08000a30                __nedf2
                0x08000a30                __eqdf2
                0x08000a30                __cmpdf2
                0x08000aac                __aeabi_cdrcmple
                0x08000abc                __aeabi_cdcmpeq
                0x08000abc                __aeabi_cdcmple
                0x08000acc                __aeabi_dcmpeq
                0x08000ae0                __aeabi_dcmplt
                0x08000af4                __aeabi_dcmple
                0x08000b08                __aeabi_dcmpge
                0x08000b1c                __aeabi_dcmpgt
 .text          0x08000b30       0x50 e:/programs/stmicroelectronics/systemworkbench/plugins/fr.ac6.mcu.externaltools.arm-none.win32_1.7.0.201602121829/tools/compiler/bin/../lib/gcc/arm-none-eabi/5.2.1/armv7-m\libgcc.a(_arm_fixdfsi.o)
                0x08000b30                __aeabi_d2iz
                0x08000b30                __fixdfsi
 *(.text*)
 .text.HAL_InitTick
                0x08000b80       0x24 Drivers/STM32F1xx_HAL_Driver/stm32f1xx_hal.o
                0x08000b80                HAL_InitTick
 .text.HAL_Init
                0x08000ba4       0x24 Drivers/STM32F1xx_HAL_Driver/stm32f1xx_hal.o
                0x08000ba4                HAL_Init
 .text.HAL_IncTick
                0x08000bc8       0x10 Drivers/STM32F1xx_HAL_Driver/stm32f1xx_hal.o
                0x08000bc8                HAL_IncTick
 .text.HAL_GetTick
                0x08000bd8        0xc Drivers/STM32F1xx_HAL_Driver/stm32f1xx_hal.o
                0x08000bd8                HAL_GetTick
 .text.HAL_Delay
                0x08000be4       0x1a Drivers/STM32F1xx_HAL_Driver/stm32f1xx_hal.o
                0x08000be4                HAL_Delay
 .text.HAL_ADC_ConvCpltCallback
                0x08000bfe        0x2 Drivers/STM32F1xx_HAL_Driver/stm32f1xx_hal_adc.o
                0x08000bfe                HAL_ADC_ConvCpltCallback
 .text.ADC_DMAConvCplt
                0x08000c00       0x4e Drivers/STM32F1xx_HAL_Driver/stm32f1xx_hal_adc.o
                0x08000c00                ADC_DMAConvCplt
 .text.HAL_ADC_ConvHalfCpltCallback
                0x08000c4e        0x2 Drivers/STM32F1xx_HAL_Driver/stm32f1xx_hal_adc.o
                0x08000c4e                HAL_ADC_ConvHalfCpltCallback
 .text.ADC_DMAHalfConvCplt
                0x08000c50        0xa Drivers/STM32F1xx_HAL_Driver/stm32f1xx_hal_adc.o
                0x08000c50                ADC_DMAHalfConvCplt
 .text.HAL_ADC_LevelOutOfWindowCallback
                0x08000c5a        0x2 Drivers/STM32F1xx_HAL_Driver/stm32f1xx_hal_adc.o
                0x08000c5a                HAL_ADC_LevelOutOfWindowCallback
 .text.HAL_ADC_IRQHandler
                0x08000c5c       0xec Drivers/STM32F1xx_HAL_Driver/stm32f1xx_hal_adc.o
                0x08000c5c                HAL_ADC_IRQHandler
 .text.HAL_ADC_ErrorCallback
                0x08000d48        0x2 Drivers/STM32F1xx_HAL_Driver/stm32f1xx_hal_adc.o
                0x08000d48                HAL_ADC_ErrorCallback
 .text.ADC_DMAError
                0x08000d4a       0x1a Drivers/STM32F1xx_HAL_Driver/stm32f1xx_hal_adc.o
                0x08000d4a                ADC_DMAError
 .text.HAL_ADC_ConfigChannel
                0x08000d64      0x180 Drivers/STM32F1xx_HAL_Driver/stm32f1xx_hal_adc.o
                0x08000d64                HAL_ADC_ConfigChannel
 .text.ADC_Enable
                0x08000ee4       0x70 Drivers/STM32F1xx_HAL_Driver/stm32f1xx_hal_adc.o
                0x08000ee4                ADC_Enable
 .text.HAL_ADC_Start_DMA
                0x08000f54      0x120 Drivers/STM32F1xx_HAL_Driver/stm32f1xx_hal_adc.o
                0x08000f54                HAL_ADC_Start_DMA
 .text.ADC_ConversionStop_Disable
                0x08001074       0x44 Drivers/STM32F1xx_HAL_Driver/stm32f1xx_hal_adc.o
                0x08001074                ADC_ConversionStop_Disable
 .text.HAL_ADC_Init
                0x080010b8      0x144 Drivers/STM32F1xx_HAL_Driver/stm32f1xx_hal_adc.o
                0x080010b8                HAL_ADC_Init
 .text.HAL_ADCEx_InjectedConvCpltCallback
                0x080011fc        0x2 Drivers/STM32F1xx_HAL_Driver/stm32f1xx_hal_adc_ex.o
                0x080011fc                HAL_ADCEx_InjectedConvCpltCallback
 *fill*         0x080011fe        0x2 
 .text.HAL_NVIC_SetPriorityGrouping
                0x08001200       0x24 Drivers/STM32F1xx_HAL_Driver/stm32f1xx_hal_cortex.o
                0x08001200                HAL_NVIC_SetPriorityGrouping
 .text.HAL_NVIC_SetPriority
                0x08001224       0x68 Drivers/STM32F1xx_HAL_Driver/stm32f1xx_hal_cortex.o
                0x08001224                HAL_NVIC_SetPriority
 .text.HAL_NVIC_EnableIRQ
                0x0800128c       0x18 Drivers/STM32F1xx_HAL_Driver/stm32f1xx_hal_cortex.o
                0x0800128c                HAL_NVIC_EnableIRQ
 .text.HAL_SYSTICK_Config
                0x080012a4       0x2c Drivers/STM32F1xx_HAL_Driver/stm32f1xx_hal_cortex.o
                0x080012a4                HAL_SYSTICK_Config
 .text.HAL_SYSTICK_CLKSourceConfig
                0x080012d0       0x18 Drivers/STM32F1xx_HAL_Driver/stm32f1xx_hal_cortex.o
                0x080012d0                HAL_SYSTICK_CLKSourceConfig
 .text.HAL_SYSTICK_Callback
                0x080012e8        0x2 Drivers/STM32F1xx_HAL_Driver/stm32f1xx_hal_cortex.o
                0x080012e8                HAL_SYSTICK_Callback
 .text.HAL_SYSTICK_IRQHandler
                0x080012ea        0x8 Drivers/STM32F1xx_HAL_Driver/stm32f1xx_hal_cortex.o
                0x080012ea                HAL_SYSTICK_IRQHandler
 .text.HAL_DMA_Init
                0x080012f2       0x4a Drivers/STM32F1xx_HAL_Driver/stm32f1xx_hal_dma.o
                0x080012f2                HAL_DMA_Init
 .text.HAL_DMA_Start_IT
                0x0800133c       0x5a Drivers/STM32F1xx_HAL_Driver/stm32f1xx_hal_dma.o
                0x0800133c                HAL_DMA_Start_IT
 *fill*         0x08001396        0x2 
 .text.HAL_DMA_IRQHandler
                0x08001398      0x414 Drivers/STM32F1xx_HAL_Driver/stm32f1xx_hal_dma.o
                0x08001398                HAL_DMA_IRQHandler
 .text.HAL_GPIO_Init
                0x080017ac      0x1cc Drivers/STM32F1xx_HAL_Driver/stm32f1xx_hal_gpio.o
                0x080017ac                HAL_GPIO_Init
 .text.HAL_GPIO_ReadPin
                0x08001978        0xc Drivers/STM32F1xx_HAL_Driver/stm32f1xx_hal_gpio.o
                0x08001978                HAL_GPIO_ReadPin
 .text.HAL_GPIO_WritePin
                0x08001984        0x8 Drivers/STM32F1xx_HAL_Driver/stm32f1xx_hal_gpio.o
                0x08001984                HAL_GPIO_WritePin
 .text.HAL_GPIO_TogglePin
                0x0800198c        0x8 Drivers/STM32F1xx_HAL_Driver/stm32f1xx_hal_gpio.o
                0x0800198c                HAL_GPIO_TogglePin
 .text.HAL_GPIO_EXTI_IRQHandler
                0x08001994       0x18 Drivers/STM32F1xx_HAL_Driver/stm32f1xx_hal_gpio.o
                0x08001994                HAL_GPIO_EXTI_IRQHandler
 .text.HAL_RCC_OscConfig
                0x080019ac      0x55c Drivers/STM32F1xx_HAL_Driver/stm32f1xx_hal_rcc.o
                0x080019ac                HAL_RCC_OscConfig
 .text.HAL_RCC_ClockConfig
                0x08001f08      0x1dc Drivers/STM32F1xx_HAL_Driver/stm32f1xx_hal_rcc.o
                0x08001f08                HAL_RCC_ClockConfig
 .text.HAL_RCC_GetSysClockFreq
                0x080020e4       0x90 Drivers/STM32F1xx_HAL_Driver/stm32f1xx_hal_rcc.o
                0x080020e4                HAL_RCC_GetSysClockFreq
 .text.HAL_RCC_GetHCLKFreq
                0x08002174       0x34 Drivers/STM32F1xx_HAL_Driver/stm32f1xx_hal_rcc.o
                0x08002174                HAL_RCC_GetHCLKFreq
 .text.HAL_RCCEx_PeriphCLKConfig
                0x080021a8      0x10c Drivers/STM32F1xx_HAL_Driver/stm32f1xx_hal_rcc_ex.o
                0x080021a8                HAL_RCCEx_PeriphCLKConfig
 .text.TIM_OC1_SetConfig
                0x080022b4       0x64 Drivers/STM32F1xx_HAL_Driver/stm32f1xx_hal_tim.o
 .text.TIM_OC3_SetConfig
                0x08002318       0x6c Drivers/STM32F1xx_HAL_Driver/stm32f1xx_hal_tim.o
 .text.TIM_OC4_SetConfig
                0x08002384       0x4c Drivers/STM32F1xx_HAL_Driver/stm32f1xx_hal_tim.o
 .text.HAL_TIM_Base_Start_IT
                0x080023d0       0x16 Drivers/STM32F1xx_HAL_Driver/stm32f1xx_hal_tim.o
                0x080023d0                HAL_TIM_Base_Start_IT
 .text.HAL_TIM_Base_Stop_IT
                0x080023e6       0x2a Drivers/STM32F1xx_HAL_Driver/stm32f1xx_hal_tim.o
                0x080023e6                HAL_TIM_Base_Stop_IT
 .text.HAL_TIM_ConfigClockSource
                0x08002410      0x174 Drivers/STM32F1xx_HAL_Driver/stm32f1xx_hal_tim.o
                0x08002410                HAL_TIM_ConfigClockSource
 .text.HAL_TIM_OC_DelayElapsedCallback
                0x08002584        0x2 Drivers/STM32F1xx_HAL_Driver/stm32f1xx_hal_tim.o
                0x08002584                HAL_TIM_OC_DelayElapsedCallback
 .text.HAL_TIM_IC_CaptureCallback
                0x08002586        0x2 Drivers/STM32F1xx_HAL_Driver/stm32f1xx_hal_tim.o
                0x08002586                HAL_TIM_IC_CaptureCallback
 .text.HAL_TIM_PWM_PulseFinishedCallback
                0x08002588        0x2 Drivers/STM32F1xx_HAL_Driver/stm32f1xx_hal_tim.o
                0x08002588                HAL_TIM_PWM_PulseFinishedCallback
 .text.HAL_TIM_TriggerCallback
                0x0800258a        0x2 Drivers/STM32F1xx_HAL_Driver/stm32f1xx_hal_tim.o
                0x0800258a                HAL_TIM_TriggerCallback
 .text.HAL_TIM_IRQHandler
                0x0800258c      0x144 Drivers/STM32F1xx_HAL_Driver/stm32f1xx_hal_tim.o
                0x0800258c                HAL_TIM_IRQHandler
 .text.TIM_Base_SetConfig
                0x080026d0       0x90 Drivers/STM32F1xx_HAL_Driver/stm32f1xx_hal_tim.o
                0x080026d0                TIM_Base_SetConfig
 .text.HAL_TIM_Base_Init
                0x08002760       0x34 Drivers/STM32F1xx_HAL_Driver/stm32f1xx_hal_tim.o
                0x08002760                HAL_TIM_Base_Init
 .text.HAL_TIM_PWM_Init
                0x08002794       0x34 Drivers/STM32F1xx_HAL_Driver/stm32f1xx_hal_tim.o
                0x08002794                HAL_TIM_PWM_Init
 .text.TIM_OC2_SetConfig
                0x080027c8       0x70 Drivers/STM32F1xx_HAL_Driver/stm32f1xx_hal_tim.o
                0x080027c8                TIM_OC2_SetConfig
 .text.HAL_TIM_PWM_ConfigChannel
                0x08002838       0xc6 Drivers/STM32F1xx_HAL_Driver/stm32f1xx_hal_tim.o
                0x08002838                HAL_TIM_PWM_ConfigChannel
 .text.TIM_CCxChannelCmd
                0x080028fe       0x1a Drivers/STM32F1xx_HAL_Driver/stm32f1xx_hal_tim.o
                0x080028fe                TIM_CCxChannelCmd
 .text.HAL_TIM_PWM_Start
                0x08002918       0x34 Drivers/STM32F1xx_HAL_Driver/stm32f1xx_hal_tim.o
                0x08002918                HAL_TIM_PWM_Start
 .text.HAL_TIMEx_MasterConfigSynchronization
                0x0800294c       0x44 Drivers/STM32F1xx_HAL_Driver/stm32f1xx_hal_tim_ex.o
                0x0800294c                HAL_TIMEx_MasterConfigSynchronization
 .text.HAL_TIMEx_CommutationCallback
                0x08002990        0x2 Drivers/STM32F1xx_HAL_Driver/stm32f1xx_hal_tim_ex.o
                0x08002990                HAL_TIMEx_CommutationCallback
 .text.HAL_TIMEx_BreakCallback
                0x08002992        0x2 Drivers/STM32F1xx_HAL_Driver/stm32f1xx_hal_tim_ex.o
                0x08002992                HAL_TIMEx_BreakCallback
 .text.SystemInit
                0x08002994       0x4c Drivers/CMSIS/system_stm32f1xx.o
                0x08002994                SystemInit
 .text.SystemClock_Config
                0x080029e0       0x68 Application/User/main.o
                0x080029e0                SystemClock_Config
 .text.GPIO_Reset_State
                0x08002a48       0x38 Application/User/main.o
                0x08002a48                GPIO_Reset_State
 .text.Wait_Start
                0x08002a80       0x74 Application/User/main.o
                0x08002a80                Wait_Start
 .text.Start_all
                0x08002af4       0x30 Application/User/main.o
                0x08002af4                Start_all
 .text.turn     0x08002b24       0x9c Application/User/main.o
                0x08002b24                turn
 .text.escape   0x08002bc0       0xb8 Application/User/main.o
                0x08002bc0                escape
 .text.seek     0x08002c78       0xb4 Application/User/main.o
                0x08002c78                seek
 .text.destroy  0x08002d2c       0xbc Application/User/main.o
                0x08002d2c                destroy
 .text.startup.main
                0x08002de8      0x288 Application/User/main.o
                0x08002de8                main
 .text.HAL_GPIO_EXTI_Callback
                0x08003070       0x20 Application/User/main.o
                0x08003070                HAL_GPIO_EXTI_Callback
 .text.HAL_TIM_PeriodElapsedCallback
                0x08003090       0x48 Application/User/main.o
                0x08003090                HAL_TIM_PeriodElapsedCallback
 .text.HAL_MspInit
                0x080030d8       0x44 Application/User/stm32f1xx_hal_msp.o
                0x080030d8                HAL_MspInit
 .text.HAL_ADC_MspInit
                0x0800311c       0x98 Application/User/stm32f1xx_hal_msp.o
                0x0800311c                HAL_ADC_MspInit
 .text.HAL_TIM_Base_MspInit
                0x080031b4       0x6c Application/User/stm32f1xx_hal_msp.o
                0x080031b4                HAL_TIM_Base_MspInit
 .text.HAL_TIM_PWM_MspInit
                0x08003220       0xf0 Application/User/stm32f1xx_hal_msp.o
                0x08003220                HAL_TIM_PWM_MspInit
 .text.SysTick_Handler
                0x08003310        0xe Application/User/stm32f1xx_it.o
                0x08003310                SysTick_Handler
 .text.EXTI0_IRQHandler
                0x0800331e        0x6 Application/User/stm32f1xx_it.o
                0x0800331e                EXTI0_IRQHandler
 .text.DMA1_Channel1_IRQHandler
                0x08003324        0xc Application/User/stm32f1xx_it.o
                0x08003324                DMA1_Channel1_IRQHandler
 .text.DMA1_Channel3_IRQHandler
                0x08003330        0xc Application/User/stm32f1xx_it.o
                0x08003330                DMA1_Channel3_IRQHandler
 .text.DMA1_Channel7_IRQHandler
                0x0800333c        0xc Application/User/stm32f1xx_it.o
                0x0800333c                DMA1_Channel7_IRQHandler
 .text.ADC1_2_IRQHandler
                0x08003348        0xc Application/User/stm32f1xx_it.o
                0x08003348                ADC1_2_IRQHandler
 .text.TIM1_CC_IRQHandler
                0x08003354        0xc Application/User/stm32f1xx_it.o
                0x08003354                TIM1_CC_IRQHandler
 .text.TIM1_TRG_COM_IRQHandler
                0x08003360        0x4 Application/User/stm32f1xx_it.o
                0x08003360                TIM1_TRG_COM_IRQHandler
 .text.TIM1_UP_IRQHandler
                0x08003364        0x4 Application/User/stm32f1xx_it.o
                0x08003364                TIM1_UP_IRQHandler
 .text.TIM1_BRK_IRQHandler
                0x08003368        0x4 Application/User/stm32f1xx_it.o
                0x08003368                TIM1_BRK_IRQHandler
 .text.Reset_Handler
                0x0800336c       0x48 Application/SW4STM32/startup_stm32f103xe.o
                0x0800336c                Reset_Handler
 .text.Default_Handler
                0x080033b4        0x2 Application/SW4STM32/startup_stm32f103xe.o
                0x080033b4                RTC_Alarm_IRQHandler
                0x080033b4                EXTI2_IRQHandler
                0x080033b4                TIM8_TRG_COM_IRQHandler
                0x080033b4                TIM8_CC_IRQHandler
                0x080033b4                DebugMon_Handler
                0x080033b4                HardFault_Handler
                0x080033b4                TIM6_IRQHandler
                0x080033b4                PVD_IRQHandler
                0x080033b4                SDIO_IRQHandler
                0x080033b4                PendSV_Handler
                0x080033b4                NMI_Handler
                0x080033b4                EXTI3_IRQHandler
                0x080033b4                I2C2_EV_IRQHandler
                0x080033b4                UsageFault_Handler
                0x080033b4                SPI1_IRQHandler
                0x080033b4                TAMPER_IRQHandler
                0x080033b4                TIM8_UP_IRQHandler
                0x080033b4                DMA2_Channel2_IRQHandler
                0x080033b4                DMA1_Channel4_IRQHandler
                0x080033b4                USART3_IRQHandler
                0x080033b4                RTC_IRQHandler
                0x080033b4                CAN1_RX1_IRQHandler
                0x080033b4                UART5_IRQHandler
                0x080033b4                ADC3_IRQHandler
                0x080033b4                TIM4_IRQHandler
                0x080033b4                DMA2_Channel1_IRQHandler
                0x080033b4                I2C1_EV_IRQHandler
                0x080033b4                DMA1_Channel6_IRQHandler
                0x080033b4                UART4_IRQHandler
                0x080033b4                TIM3_IRQHandler
                0x080033b4                RCC_IRQHandler
                0x080033b4                Default_Handler
                0x080033b4                EXTI15_10_IRQHandler
                0x080033b4                TIM7_IRQHandler
                0x080033b4                TIM5_IRQHandler
                0x080033b4                EXTI9_5_IRQHandler
                0x080033b4                SPI2_IRQHandler
                0x080033b4                MemManage_Handler
                0x080033b4                SVC_Handler
                0x080033b4                DMA1_Channel5_IRQHandler
                0x080033b4                EXTI4_IRQHandler
                0x080033b4                USB_LP_CAN1_RX0_IRQHandler
                0x080033b4                USB_HP_CAN1_TX_IRQHandler
                0x080033b4                FSMC_IRQHandler
                0x080033b4                WWDG_IRQHandler
                0x080033b4                TIM2_IRQHandler
                0x080033b4                EXTI1_IRQHandler
                0x080033b4                DMA2_Channel4_5_IRQHandler
                0x080033b4                USART2_IRQHandler
                0x080033b4                I2C2_ER_IRQHandler
                0x080033b4                DMA1_Channel2_IRQHandler
                0x080033b4                TIM8_BRK_IRQHandler
                0x080033b4                CAN1_SCE_IRQHandler
                0x080033b4                FLASH_IRQHandler
                0x080033b4                BusFault_Handler
                0x080033b4                USART1_IRQHandler
                0x080033b4                SPI3_IRQHandler
                0x080033b4                I2C1_ER_IRQHandler
                0x080033b4                USBWakeUp_IRQHandler
                0x080033b4                DMA2_Channel3_IRQHandler
 *fill*         0x080033b6        0x2 
 .text.pow      0x080033b8      0x2fc e:/programs/stmicroelectronics/systemworkbench/plugins/fr.ac6.mcu.externaltools.arm-none.win32_1.7.0.201602121829/tools/compiler/bin/../lib/gcc/arm-none-eabi/5.2.1/../../../../arm-none-eabi/lib/armv7-m\libm.a(lib_a-w_pow.o)
                0x080033b8                pow
 *fill*         0x080036b4        0x4 
 .text.__ieee754_pow
                0x080036b8      0xac4 e:/programs/stmicroelectronics/systemworkbench/plugins/fr.ac6.mcu.externaltools.arm-none.win32_1.7.0.201602121829/tools/compiler/bin/../lib/gcc/arm-none-eabi/5.2.1/../../../../arm-none-eabi/lib/armv7-m\libm.a(lib_a-e_pow.o)
                0x080036b8                __ieee754_pow
 .text.__ieee754_sqrt
                0x0800417c      0x188 e:/programs/stmicroelectronics/systemworkbench/plugins/fr.ac6.mcu.externaltools.arm-none.win32_1.7.0.201602121829/tools/compiler/bin/../lib/gcc/arm-none-eabi/5.2.1/../../../../arm-none-eabi/lib/armv7-m\libm.a(lib_a-e_sqrt.o)
                0x0800417c                __ieee754_sqrt
 .text.fabs     0x08004304        0x8 e:/programs/stmicroelectronics/systemworkbench/plugins/fr.ac6.mcu.externaltools.arm-none.win32_1.7.0.201602121829/tools/compiler/bin/../lib/gcc/arm-none-eabi/5.2.1/../../../../arm-none-eabi/lib/armv7-m\libm.a(lib_a-s_fabs.o)
                0x08004304                fabs
 .text.finite   0x0800430c        0xc e:/programs/stmicroelectronics/systemworkbench/plugins/fr.ac6.mcu.externaltools.arm-none.win32_1.7.0.201602121829/tools/compiler/bin/../lib/gcc/arm-none-eabi/5.2.1/../../../../arm-none-eabi/lib/armv7-m\libm.a(lib_a-s_finite.o)
                0x0800430c                finite
 .text.__fpclassifyd
                0x08004318       0x54 e:/programs/stmicroelectronics/systemworkbench/plugins/fr.ac6.mcu.externaltools.arm-none.win32_1.7.0.201602121829/tools/compiler/bin/../lib/gcc/arm-none-eabi/5.2.1/../../../../arm-none-eabi/lib/armv7-m\libm.a(lib_a-s_fpclassify.o)
                0x08004318                __fpclassifyd
 .text.matherr  0x0800436c        0x4 e:/programs/stmicroelectronics/systemworkbench/plugins/fr.ac6.mcu.externaltools.arm-none.win32_1.7.0.201602121829/tools/compiler/bin/../lib/gcc/arm-none-eabi/5.2.1/../../../../arm-none-eabi/lib/armv7-m\libm.a(lib_a-s_matherr.o)
                0x0800436c                matherr
 .text.nan      0x08004370        0xc e:/programs/stmicroelectronics/systemworkbench/plugins/fr.ac6.mcu.externaltools.arm-none.win32_1.7.0.201602121829/tools/compiler/bin/../lib/gcc/arm-none-eabi/5.2.1/../../../../arm-none-eabi/lib/armv7-m\libm.a(lib_a-s_nan.o)
                0x08004370                nan
 .text.rint     0x0800437c      0x120 e:/programs/stmicroelectronics/systemworkbench/plugins/fr.ac6.mcu.externaltools.arm-none.win32_1.7.0.201602121829/tools/compiler/bin/../lib/gcc/arm-none-eabi/5.2.1/../../../../arm-none-eabi/lib/armv7-m\libm.a(lib_a-s_rint.o)
                0x0800437c                rint
 *fill*         0x0800449c        0x4 
 .text.scalbn   0x080044a0       0xe4 e:/programs/stmicroelectronics/systemworkbench/plugins/fr.ac6.mcu.externaltools.arm-none.win32_1.7.0.201602121829/tools/compiler/bin/../lib/gcc/arm-none-eabi/5.2.1/../../../../arm-none-eabi/lib/armv7-m\libm.a(lib_a-s_scalbn.o)
                0x080044a0                scalbn
 .text.copysign
                0x08004584       0x10 e:/programs/stmicroelectronics/systemworkbench/plugins/fr.ac6.mcu.externaltools.arm-none.win32_1.7.0.201602121829/tools/compiler/bin/../lib/gcc/arm-none-eabi/5.2.1/../../../../arm-none-eabi/lib/armv7-m\libm.a(lib_a-s_copysign.o)
                0x08004584                copysign
 .text.__errno  0x08004594        0xc e:/programs/stmicroelectronics/systemworkbench/plugins/fr.ac6.mcu.externaltools.arm-none.win32_1.7.0.201602121829/tools/compiler/bin/../lib/gcc/arm-none-eabi/5.2.1/../../../../arm-none-eabi/lib/armv7-m\libc_nano.a(lib_a-errno.o)
                0x08004594                __errno
 .text.__libc_init_array
                0x080045a0       0x4c e:/programs/stmicroelectronics/systemworkbench/plugins/fr.ac6.mcu.externaltools.arm-none.win32_1.7.0.201602121829/tools/compiler/bin/../lib/gcc/arm-none-eabi/5.2.1/../../../../arm-none-eabi/lib/armv7-m\libc_nano.a(lib_a-init.o)
                0x080045a0                __libc_init_array
 *(.glue_7)
 .glue_7        0x080045ec        0x0 linker stubs
 *(.glue_7t)
 .glue_7t       0x080045ec        0x0 linker stubs
 *(.eh_frame)
 .eh_frame      0x080045ec        0x0 e:/programs/stmicroelectronics/systemworkbench/plugins/fr.ac6.mcu.externaltools.arm-none.win32_1.7.0.201602121829/tools/compiler/bin/../lib/gcc/arm-none-eabi/5.2.1/armv7-m/crtbegin.o
 *(.init)
 .init          0x080045ec        0x4 e:/programs/stmicroelectronics/systemworkbench/plugins/fr.ac6.mcu.externaltools.arm-none.win32_1.7.0.201602121829/tools/compiler/bin/../lib/gcc/arm-none-eabi/5.2.1/armv7-m/crti.o
                0x080045ec                _init
 .init          0x080045f0        0x8 e:/programs/stmicroelectronics/systemworkbench/plugins/fr.ac6.mcu.externaltools.arm-none.win32_1.7.0.201602121829/tools/compiler/bin/../lib/gcc/arm-none-eabi/5.2.1/armv7-m/crtn.o
 *(.fini)
 .fini          0x080045f8        0x4 e:/programs/stmicroelectronics/systemworkbench/plugins/fr.ac6.mcu.externaltools.arm-none.win32_1.7.0.201602121829/tools/compiler/bin/../lib/gcc/arm-none-eabi/5.2.1/armv7-m/crti.o
                0x080045f8                _fini
 .fini          0x080045fc        0x8 e:/programs/stmicroelectronics/systemworkbench/plugins/fr.ac6.mcu.externaltools.arm-none.win32_1.7.0.201602121829/tools/compiler/bin/../lib/gcc/arm-none-eabi/5.2.1/armv7-m/crtn.o
                0x08004604                . = ALIGN (0x4)
                0x08004604                _etext = .

.vfp11_veneer   0x08004604        0x0
 .vfp11_veneer  0x08004604        0x0 linker stubs

.v4_bx          0x08004604        0x0
 .v4_bx         0x08004604        0x0 linker stubs

.iplt           0x08004604        0x0
 .iplt          0x08004604        0x0 e:/programs/stmicroelectronics/systemworkbench/plugins/fr.ac6.mcu.externaltools.arm-none.win32_1.7.0.201602121829/tools/compiler/bin/../lib/gcc/arm-none-eabi/5.2.1/armv7-m/crtbegin.o

.rodata         0x08004608       0x44
                0x08004608                . = ALIGN (0x4)
 *(.rodata)
 .rodata        0x08004608       0x22 Drivers/STM32F1xx_HAL_Driver/stm32f1xx_hal_rcc.o
                0x0800461a                aAPBAHBPrescTable
 *(.rodata*)
 *fill*         0x0800462a        0x2 
 .rodata.str1.4
                0x0800462c        0x4 e:/programs/stmicroelectronics/systemworkbench/plugins/fr.ac6.mcu.externaltools.arm-none.win32_1.7.0.201602121829/tools/compiler/bin/../lib/gcc/arm-none-eabi/5.2.1/../../../../arm-none-eabi/lib/armv7-m\libm.a(lib_a-w_pow.o)
 .rodata.str1.4
                0x08004630        0x4 e:/programs/stmicroelectronics/systemworkbench/plugins/fr.ac6.mcu.externaltools.arm-none.win32_1.7.0.201602121829/tools/compiler/bin/../lib/gcc/arm-none-eabi/5.2.1/../../../../arm-none-eabi/lib/armv7-m\libm.a(lib_a-e_pow.o)
                                  0x1 (size before relaxing)
 *fill*         0x08004634        0x4 
 .rodata.TWO52  0x08004638       0x10 e:/programs/stmicroelectronics/systemworkbench/plugins/fr.ac6.mcu.externaltools.arm-none.win32_1.7.0.201602121829/tools/compiler/bin/../lib/gcc/arm-none-eabi/5.2.1/../../../../arm-none-eabi/lib/armv7-m\libm.a(lib_a-s_rint.o)
 .rodata.str1.1
                0x08004648        0x2 e:/programs/stmicroelectronics/systemworkbench/plugins/fr.ac6.mcu.externaltools.arm-none.win32_1.7.0.201602121829/tools/compiler/bin/../lib/gcc/arm-none-eabi/5.2.1/../../../../arm-none-eabi/lib/armv7-m\libc_nano.a(lib_a-impure.o)
                0x0800464c                . = ALIGN (0x4)
 *fill*         0x0800464a        0x2 

.rel.dyn        0x0800464c        0x0
 .rel.iplt      0x0800464c        0x0 e:/programs/stmicroelectronics/systemworkbench/plugins/fr.ac6.mcu.externaltools.arm-none.win32_1.7.0.201602121829/tools/compiler/bin/../lib/gcc/arm-none-eabi/5.2.1/armv7-m/crtbegin.o

.ARM.extab
 *(.ARM.extab* .gnu.linkonce.armextab.*)

.ARM            0x0800464c        0x0
                0x0800464c                __exidx_start = .
 *(.ARM.exidx*)
                0x0800464c                __exidx_end = .

.preinit_array  0x0800464c        0x0
                0x0800464c                PROVIDE (__preinit_array_start, .)
 *(.preinit_array*)
                0x0800464c                PROVIDE (__preinit_array_end, .)

.init_array     0x0800464c        0x4
                0x0800464c                PROVIDE (__init_array_start, .)
 *(SORT(.init_array.*))
 *(.init_array*)
 .init_array    0x0800464c        0x4 e:/programs/stmicroelectronics/systemworkbench/plugins/fr.ac6.mcu.externaltools.arm-none.win32_1.7.0.201602121829/tools/compiler/bin/../lib/gcc/arm-none-eabi/5.2.1/armv7-m/crtbegin.o
                0x08004650                PROVIDE (__init_array_end, .)

.fini_array     0x08004650        0x4
                [!provide]                PROVIDE (__fini_array_start, .)
 *(SORT(.fini_array.*))
 *(.fini_array*)
 .fini_array    0x08004650        0x4 e:/programs/stmicroelectronics/systemworkbench/plugins/fr.ac6.mcu.externaltools.arm-none.win32_1.7.0.201602121829/tools/compiler/bin/../lib/gcc/arm-none-eabi/5.2.1/armv7-m/crtbegin.o
                [!provide]                PROVIDE (__fini_array_end, .)
                0x08004654                _sidata = LOADADDR (.data)

.data           0x20000000       0x74 load address 0x08004654
                0x20000000                . = ALIGN (0x4)
                0x20000000                _sdata = .
 *(.data)
 .data          0x20000000        0x4 Drivers/CMSIS/system_stm32f1xx.o
                0x20000000                SystemCoreClock
 .data          0x20000004        0x8 Application/User/main.o
                0x20000004                GPIO_Pin_tab
 *(.data*)
 .data.__fdlib_version
                0x2000000c        0x1 e:/programs/stmicroelectronics/systemworkbench/plugins/fr.ac6.mcu.externaltools.arm-none.win32_1.7.0.201602121829/tools/compiler/bin/../lib/gcc/arm-none-eabi/5.2.1/../../../../arm-none-eabi/lib/armv7-m\libm.a(lib_a-s_lib_ver.o)
                0x2000000c                __fdlib_version
 *fill*         0x2000000d        0x3 
 .data.impure_data
                0x20000010       0x60 e:/programs/stmicroelectronics/systemworkbench/plugins/fr.ac6.mcu.externaltools.arm-none.win32_1.7.0.201602121829/tools/compiler/bin/../lib/gcc/arm-none-eabi/5.2.1/../../../../arm-none-eabi/lib/armv7-m\libc_nano.a(lib_a-impure.o)
 .data._impure_ptr
                0x20000070        0x4 e:/programs/stmicroelectronics/systemworkbench/plugins/fr.ac6.mcu.externaltools.arm-none.win32_1.7.0.201602121829/tools/compiler/bin/../lib/gcc/arm-none-eabi/5.2.1/../../../../arm-none-eabi/lib/armv7-m\libc_nano.a(lib_a-impure.o)
                0x20000070                _impure_ptr
                0x20000074                . = ALIGN (0x4)
                0x20000074                _edata = .

.jcr            0x20000074        0x0 load address 0x080046c8
 .jcr           0x20000074        0x0 e:/programs/stmicroelectronics/systemworkbench/plugins/fr.ac6.mcu.externaltools.arm-none.win32_1.7.0.201602121829/tools/compiler/bin/../lib/gcc/arm-none-eabi/5.2.1/armv7-m/crtbegin.o

.tm_clone_table
                0x20000074        0x0 load address 0x080046c8
 .tm_clone_table
                0x20000074        0x0 e:/programs/stmicroelectronics/systemworkbench/plugins/fr.ac6.mcu.externaltools.arm-none.win32_1.7.0.201602121829/tools/compiler/bin/../lib/gcc/arm-none-eabi/5.2.1/armv7-m/crtbegin.o
 .tm_clone_table
                0x20000074        0x0 e:/programs/stmicroelectronics/systemworkbench/plugins/fr.ac6.mcu.externaltools.arm-none.win32_1.7.0.201602121829/tools/compiler/bin/../lib/gcc/arm-none-eabi/5.2.1/armv7-m/crtend.o

.igot.plt       0x20000074        0x0 load address 0x080046c8
 .igot.plt      0x20000074        0x0 e:/programs/stmicroelectronics/systemworkbench/plugins/fr.ac6.mcu.externaltools.arm-none.win32_1.7.0.201602121829/tools/compiler/bin/../lib/gcc/arm-none-eabi/5.2.1/armv7-m/crtbegin.o
                0x20000074                . = ALIGN (0x4)

.bss            0x20000074      0x1d0 load address 0x080046c8
                0x20000074                _sbss = .
                0x20000074                __bss_start__ = _sbss
 *(.bss)
 .bss           0x20000074       0x1c e:/programs/stmicroelectronics/systemworkbench/plugins/fr.ac6.mcu.externaltools.arm-none.win32_1.7.0.201602121829/tools/compiler/bin/../lib/gcc/arm-none-eabi/5.2.1/armv7-m/crtbegin.o
 .bss           0x20000090        0x4 Drivers/STM32F1xx_HAL_Driver/stm32f1xx_hal.o
 .bss           0x20000094       0x24 Application/User/main.o
                0x20000094                sensor
                0x200000b0                pwm_div
                0x200000b4                time_i
 *(.bss*)
 *(COMMON)
 COMMON         0x200000b8      0x18c Application/User/main.o
                0x200000b8                htim4
                0x200000f4                htim3
                0x20000130                hadc1
                0x20000160                hdma_adc1
                0x20000198                htim1
                0x200001d4                hdma_tim3_ch4_up
                0x2000020c                hdma_tim4_up
                0x20000244                . = ALIGN (0x4)
                0x20000244                _ebss = .
                0x20000244                __bss_end__ = _ebss

._user_heap_stack
                0x20000244      0x604 load address 0x080046c8
                0x20000248                . = ALIGN (0x8)
 *fill*         0x20000244        0x4 
                [!provide]                PROVIDE (end, .)
                [!provide]                PROVIDE (_end, .)
                0x20000448                . = (. + _Min_Heap_Size)
 *fill*         0x20000248      0x200 
                0x20000848                . = (. + _Min_Stack_Size)
 *fill*         0x20000448      0x400 
                0x20000848                . = ALIGN (0x8)

/DISCARD/
 libc.a(*)
 libm.a(*)
 libgcc.a(*)

.ARM.attributes
                0x00000000       0x29
 *(.ARM.attributes)
 .ARM.attributes
                0x00000000       0x1d e:/programs/stmicroelectronics/systemworkbench/plugins/fr.ac6.mcu.externaltools.arm-none.win32_1.7.0.201602121829/tools/compiler/bin/../lib/gcc/arm-none-eabi/5.2.1/armv7-m/crti.o
 .ARM.attributes
                0x0000001d       0x2d e:/programs/stmicroelectronics/systemworkbench/plugins/fr.ac6.mcu.externaltools.arm-none.win32_1.7.0.201602121829/tools/compiler/bin/../lib/gcc/arm-none-eabi/5.2.1/armv7-m/crtbegin.o
 .ARM.attributes
                0x0000004a       0x33 Drivers/STM32F1xx_HAL_Driver/stm32f1xx_hal.o
 .ARM.attributes
                0x0000007d       0x33 Drivers/STM32F1xx_HAL_Driver/stm32f1xx_hal_adc.o
 .ARM.attributes
                0x000000b0       0x33 Drivers/STM32F1xx_HAL_Driver/stm32f1xx_hal_adc_ex.o
 .ARM.attributes
                0x000000e3       0x33 Drivers/STM32F1xx_HAL_Driver/stm32f1xx_hal_cortex.o
 .ARM.attributes
                0x00000116       0x33 Drivers/STM32F1xx_HAL_Driver/stm32f1xx_hal_dma.o
 .ARM.attributes
                0x00000149       0x33 Drivers/STM32F1xx_HAL_Driver/stm32f1xx_hal_gpio.o
 .ARM.attributes
                0x0000017c       0x33 Drivers/STM32F1xx_HAL_Driver/stm32f1xx_hal_rcc.o
 .ARM.attributes
                0x000001af       0x33 Drivers/STM32F1xx_HAL_Driver/stm32f1xx_hal_rcc_ex.o
 .ARM.attributes
                0x000001e2       0x33 Drivers/STM32F1xx_HAL_Driver/stm32f1xx_hal_tim.o
 .ARM.attributes
                0x00000215       0x33 Drivers/STM32F1xx_HAL_Driver/stm32f1xx_hal_tim_ex.o
 .ARM.attributes
                0x00000248       0x33 Drivers/CMSIS/system_stm32f1xx.o
 .ARM.attributes
                0x0000027b       0x33 Application/User/main.o
 .ARM.attributes
                0x000002ae       0x33 Application/User/stm32f1xx_hal_msp.o
 .ARM.attributes
                0x000002e1       0x33 Application/User/stm32f1xx_it.o
 .ARM.attributes
                0x00000314       0x21 Application/SW4STM32/startup_stm32f103xe.o
 .ARM.attributes
                0x00000335       0x2d e:/programs/stmicroelectronics/systemworkbench/plugins/fr.ac6.mcu.externaltools.arm-none.win32_1.7.0.201602121829/tools/compiler/bin/../lib/gcc/arm-none-eabi/5.2.1/../../../../arm-none-eabi/lib/armv7-m\libm.a(lib_a-w_pow.o)
 .ARM.attributes
                0x00000362       0x2d e:/programs/stmicroelectronics/systemworkbench/plugins/fr.ac6.mcu.externaltools.arm-none.win32_1.7.0.201602121829/tools/compiler/bin/../lib/gcc/arm-none-eabi/5.2.1/../../../../arm-none-eabi/lib/armv7-m\libm.a(lib_a-e_pow.o)
 .ARM.attributes
                0x0000038f       0x2d e:/programs/stmicroelectronics/systemworkbench/plugins/fr.ac6.mcu.externaltools.arm-none.win32_1.7.0.201602121829/tools/compiler/bin/../lib/gcc/arm-none-eabi/5.2.1/../../../../arm-none-eabi/lib/armv7-m\libm.a(lib_a-e_sqrt.o)
 .ARM.attributes
                0x000003bc       0x2d e:/programs/stmicroelectronics/systemworkbench/plugins/fr.ac6.mcu.externaltools.arm-none.win32_1.7.0.201602121829/tools/compiler/bin/../lib/gcc/arm-none-eabi/5.2.1/../../../../arm-none-eabi/lib/armv7-m\libm.a(lib_a-s_fabs.o)
 .ARM.attributes
                0x000003e9       0x2d e:/programs/stmicroelectronics/systemworkbench/plugins/fr.ac6.mcu.externaltools.arm-none.win32_1.7.0.201602121829/tools/compiler/bin/../lib/gcc/arm-none-eabi/5.2.1/../../../../arm-none-eabi/lib/armv7-m\libm.a(lib_a-s_finite.o)
 .ARM.attributes
                0x00000416       0x2d e:/programs/stmicroelectronics/systemworkbench/plugins/fr.ac6.mcu.externaltools.arm-none.win32_1.7.0.201602121829/tools/compiler/bin/../lib/gcc/arm-none-eabi/5.2.1/../../../../arm-none-eabi/lib/armv7-m\libm.a(lib_a-s_fpclassify.o)
 .ARM.attributes
                0x00000443       0x2d e:/programs/stmicroelectronics/systemworkbench/plugins/fr.ac6.mcu.externaltools.arm-none.win32_1.7.0.201602121829/tools/compiler/bin/../lib/gcc/arm-none-eabi/5.2.1/../../../../arm-none-eabi/lib/armv7-m\libm.a(lib_a-s_lib_ver.o)
 .ARM.attributes
                0x00000470       0x2d e:/programs/stmicroelectronics/systemworkbench/plugins/fr.ac6.mcu.externaltools.arm-none.win32_1.7.0.201602121829/tools/compiler/bin/../lib/gcc/arm-none-eabi/5.2.1/../../../../arm-none-eabi/lib/armv7-m\libm.a(lib_a-s_matherr.o)
 .ARM.attributes
                0x0000049d       0x2d e:/programs/stmicroelectronics/systemworkbench/plugins/fr.ac6.mcu.externaltools.arm-none.win32_1.7.0.201602121829/tools/compiler/bin/../lib/gcc/arm-none-eabi/5.2.1/../../../../arm-none-eabi/lib/armv7-m\libm.a(lib_a-s_nan.o)
 .ARM.attributes
                0x000004ca       0x2d e:/programs/stmicroelectronics/systemworkbench/plugins/fr.ac6.mcu.externaltools.arm-none.win32_1.7.0.201602121829/tools/compiler/bin/../lib/gcc/arm-none-eabi/5.2.1/../../../../arm-none-eabi/lib/armv7-m\libm.a(lib_a-s_rint.o)
 .ARM.attributes
                0x000004f7       0x2d e:/programs/stmicroelectronics/systemworkbench/plugins/fr.ac6.mcu.externaltools.arm-none.win32_1.7.0.201602121829/tools/compiler/bin/../lib/gcc/arm-none-eabi/5.2.1/../../../../arm-none-eabi/lib/armv7-m\libm.a(lib_a-s_scalbn.o)
 .ARM.attributes
                0x00000524       0x2d e:/programs/stmicroelectronics/systemworkbench/plugins/fr.ac6.mcu.externaltools.arm-none.win32_1.7.0.201602121829/tools/compiler/bin/../lib/gcc/arm-none-eabi/5.2.1/../../../../arm-none-eabi/lib/armv7-m\libm.a(lib_a-s_copysign.o)
 .ARM.attributes
                0x00000551       0x1d e:/programs/stmicroelectronics/systemworkbench/plugins/fr.ac6.mcu.externaltools.arm-none.win32_1.7.0.201602121829/tools/compiler/bin/../lib/gcc/arm-none-eabi/5.2.1/armv7-m\libgcc.a(_arm_addsubdf3.o)
 .ARM.attributes
                0x0000056e       0x1d e:/programs/stmicroelectronics/systemworkbench/plugins/fr.ac6.mcu.externaltools.arm-none.win32_1.7.0.201602121829/tools/compiler/bin/../lib/gcc/arm-none-eabi/5.2.1/armv7-m\libgcc.a(_arm_muldivdf3.o)
 .ARM.attributes
                0x0000058b       0x1d e:/programs/stmicroelectronics/systemworkbench/plugins/fr.ac6.mcu.externaltools.arm-none.win32_1.7.0.201602121829/tools/compiler/bin/../lib/gcc/arm-none-eabi/5.2.1/armv7-m\libgcc.a(_arm_cmpdf2.o)
 .ARM.attributes
                0x000005a8       0x1d e:/programs/stmicroelectronics/systemworkbench/plugins/fr.ac6.mcu.externaltools.arm-none.win32_1.7.0.201602121829/tools/compiler/bin/../lib/gcc/arm-none-eabi/5.2.1/armv7-m\libgcc.a(_arm_fixdfsi.o)
 .ARM.attributes
                0x000005c5       0x2d e:/programs/stmicroelectronics/systemworkbench/plugins/fr.ac6.mcu.externaltools.arm-none.win32_1.7.0.201602121829/tools/compiler/bin/../lib/gcc/arm-none-eabi/5.2.1/../../../../arm-none-eabi/lib/armv7-m\libc_nano.a(lib_a-errno.o)
 .ARM.attributes
                0x000005f2       0x2d e:/programs/stmicroelectronics/systemworkbench/plugins/fr.ac6.mcu.externaltools.arm-none.win32_1.7.0.201602121829/tools/compiler/bin/../lib/gcc/arm-none-eabi/5.2.1/../../../../arm-none-eabi/lib/armv7-m\libc_nano.a(lib_a-impure.o)
 .ARM.attributes
                0x0000061f       0x2d e:/programs/stmicroelectronics/systemworkbench/plugins/fr.ac6.mcu.externaltools.arm-none.win32_1.7.0.201602121829/tools/compiler/bin/../lib/gcc/arm-none-eabi/5.2.1/../../../../arm-none-eabi/lib/armv7-m\libc_nano.a(lib_a-init.o)
 .ARM.attributes
                0x0000064c       0x2d e:/programs/stmicroelectronics/systemworkbench/plugins/fr.ac6.mcu.externaltools.arm-none.win32_1.7.0.201602121829/tools/compiler/bin/../lib/gcc/arm-none-eabi/5.2.1/armv7-m/crtend.o
 .ARM.attributes
                0x00000679       0x1d e:/programs/stmicroelectronics/systemworkbench/plugins/fr.ac6.mcu.externaltools.arm-none.win32_1.7.0.201602121829/tools/compiler/bin/../lib/gcc/arm-none-eabi/5.2.1/armv7-m/crtn.o
OUTPUT(Django_Fat_v3.6.0_RCT6 Configuration.elf elf32-littlearm)

.debug_info     0x00000000     0xcac1
 .debug_info    0x00000000      0x6f0 Drivers/STM32F1xx_HAL_Driver/stm32f1xx_hal.o
 .debug_info    0x000006f0      0xf9d Drivers/STM32F1xx_HAL_Driver/stm32f1xx_hal_adc.o
 .debug_info    0x0000168d      0xc4e Drivers/STM32F1xx_HAL_Driver/stm32f1xx_hal_adc_ex.o
 .debug_info    0x000022db      0xc76 Drivers/STM32F1xx_HAL_Driver/stm32f1xx_hal_cortex.o
 .debug_info    0x00002f51      0x649 Drivers/STM32F1xx_HAL_Driver/stm32f1xx_hal_dma.o
 .debug_info    0x0000359a      0x60f Drivers/STM32F1xx_HAL_Driver/stm32f1xx_hal_gpio.o
 .debug_info    0x00003ba9     0x1418 Drivers/STM32F1xx_HAL_Driver/stm32f1xx_hal_rcc.o
 .debug_info    0x00004fc1      0x5a5 Drivers/STM32F1xx_HAL_Driver/stm32f1xx_hal_rcc_ex.o
 .debug_info    0x00005566     0x2e20 Drivers/STM32F1xx_HAL_Driver/stm32f1xx_hal_tim.o
 .debug_info    0x00008386      0xeb0 Drivers/STM32F1xx_HAL_Driver/stm32f1xx_hal_tim_ex.o
 .debug_info    0x00009236      0x3ab Drivers/CMSIS/system_stm32f1xx.o
 .debug_info    0x000095e1     0x1c31 Application/User/main.o
 .debug_info    0x0000b212      0xeec Application/User/stm32f1xx_hal_msp.o
 .debug_info    0x0000c0fe      0x82f Application/User/stm32f1xx_it.o
 .debug_info    0x0000c92d      0x194 Application/SW4STM32/startup_stm32f103xe.o

.debug_abbrev   0x00000000     0x2130
 .debug_abbrev  0x00000000      0x231 Drivers/STM32F1xx_HAL_Driver/stm32f1xx_hal.o
 .debug_abbrev  0x00000231      0x2c2 Drivers/STM32F1xx_HAL_Driver/stm32f1xx_hal_adc.o
 .debug_abbrev  0x000004f3      0x28f Drivers/STM32F1xx_HAL_Driver/stm32f1xx_hal_adc_ex.o
 .debug_abbrev  0x00000782      0x2f1 Drivers/STM32F1xx_HAL_Driver/stm32f1xx_hal_cortex.o
 .debug_abbrev  0x00000a73      0x217 Drivers/STM32F1xx_HAL_Driver/stm32f1xx_hal_dma.o
 .debug_abbrev  0x00000c8a      0x1cb Drivers/STM32F1xx_HAL_Driver/stm32f1xx_hal_gpio.o
 .debug_abbrev  0x00000e55      0x2ea Drivers/STM32F1xx_HAL_Driver/stm32f1xx_hal_rcc.o
 .debug_abbrev  0x0000113f      0x23b Drivers/STM32F1xx_HAL_Driver/stm32f1xx_hal_rcc_ex.o
 .debug_abbrev  0x0000137a      0x323 Drivers/STM32F1xx_HAL_Driver/stm32f1xx_hal_tim.o
 .debug_abbrev  0x0000169d      0x273 Drivers/STM32F1xx_HAL_Driver/stm32f1xx_hal_tim_ex.o
 .debug_abbrev  0x00001910      0x125 Drivers/CMSIS/system_stm32f1xx.o
 .debug_abbrev  0x00001a35      0x360 Application/User/main.o
 .debug_abbrev  0x00001d95      0x1fd Application/User/stm32f1xx_hal_msp.o
 .debug_abbrev  0x00001f92      0x18c Application/User/stm32f1xx_it.o
 .debug_abbrev  0x0000211e       0x12 Application/SW4STM32/startup_stm32f103xe.o

.debug_loc      0x00000000     0x6892
 .debug_loc     0x00000000       0x73 Drivers/STM32F1xx_HAL_Driver/stm32f1xx_hal.o
 .debug_loc     0x00000073      0xa48 Drivers/STM32F1xx_HAL_Driver/stm32f1xx_hal_adc.o
 .debug_loc     0x00000abb      0x89b Drivers/STM32F1xx_HAL_Driver/stm32f1xx_hal_adc_ex.o
 .debug_loc     0x00001356      0x48f Drivers/STM32F1xx_HAL_Driver/stm32f1xx_hal_cortex.o
 .debug_loc     0x000017e5      0x3cf Drivers/STM32F1xx_HAL_Driver/stm32f1xx_hal_dma.o
 .debug_loc     0x00001bb4      0x2dd Drivers/STM32F1xx_HAL_Driver/stm32f1xx_hal_gpio.o
 .debug_loc     0x00001e91      0x9e8 Drivers/STM32F1xx_HAL_Driver/stm32f1xx_hal_rcc.o
 .debug_loc     0x00002879      0x377 Drivers/STM32F1xx_HAL_Driver/stm32f1xx_hal_rcc_ex.o
 .debug_loc     0x00002bf0     0x313c Drivers/STM32F1xx_HAL_Driver/stm32f1xx_hal_tim.o
 .debug_loc     0x00005d2c      0x7b7 Drivers/STM32F1xx_HAL_Driver/stm32f1xx_hal_tim_ex.o
 .debug_loc     0x000064e3       0xaa Drivers/CMSIS/system_stm32f1xx.o
 .debug_loc     0x0000658d      0x1c6 Application/User/main.o
 .debug_loc     0x00006753      0x13f Application/User/stm32f1xx_hal_msp.o

.debug_aranges  0x00000000      0x890
 .debug_aranges
                0x00000000       0xa8 Drivers/STM32F1xx_HAL_Driver/stm32f1xx_hal.o
 .debug_aranges
                0x000000a8       0xc8 Drivers/STM32F1xx_HAL_Driver/stm32f1xx_hal_adc.o
 .debug_aranges
                0x00000170       0x80 Drivers/STM32F1xx_HAL_Driver/stm32f1xx_hal_adc_ex.o
 .debug_aranges
                0x000001f0       0x90 Drivers/STM32F1xx_HAL_Driver/stm32f1xx_hal_cortex.o
 .debug_aranges
                0x00000280       0x60 Drivers/STM32F1xx_HAL_Driver/stm32f1xx_hal_dma.o
 .debug_aranges
                0x000002e0       0x58 Drivers/STM32F1xx_HAL_Driver/stm32f1xx_hal_gpio.o
 .debug_aranges
                0x00000338       0x88 Drivers/STM32F1xx_HAL_Driver/stm32f1xx_hal_rcc.o
 .debug_aranges
                0x000003c0       0x30 Drivers/STM32F1xx_HAL_Driver/stm32f1xx_hal_rcc_ex.o
 .debug_aranges
                0x000003f0      0x250 Drivers/STM32F1xx_HAL_Driver/stm32f1xx_hal_tim.o
 .debug_aranges
                0x00000640       0xe8 Drivers/STM32F1xx_HAL_Driver/stm32f1xx_hal_tim_ex.o
 .debug_aranges
                0x00000728       0x28 Drivers/CMSIS/system_stm32f1xx.o
 .debug_aranges
                0x00000750       0x78 Application/User/main.o
 .debug_aranges
                0x000007c8       0x50 Application/User/stm32f1xx_hal_msp.o
 .debug_aranges
                0x00000818       0x50 Application/User/stm32f1xx_it.o
 .debug_aranges
                0x00000868       0x28 Application/SW4STM32/startup_stm32f103xe.o

.debug_ranges   0x00000000      0xd18
 .debug_ranges  0x00000000       0x98 Drivers/STM32F1xx_HAL_Driver/stm32f1xx_hal.o
 .debug_ranges  0x00000098       0xb8 Drivers/STM32F1xx_HAL_Driver/stm32f1xx_hal_adc.o
 .debug_ranges  0x00000150       0x88 Drivers/STM32F1xx_HAL_Driver/stm32f1xx_hal_adc_ex.o
 .debug_ranges  0x000001d8      0x130 Drivers/STM32F1xx_HAL_Driver/stm32f1xx_hal_cortex.o
 .debug_ranges  0x00000308       0x80 Drivers/STM32F1xx_HAL_Driver/stm32f1xx_hal_dma.o
 .debug_ranges  0x00000388       0x68 Drivers/STM32F1xx_HAL_Driver/stm32f1xx_hal_gpio.o
 .debug_ranges  0x000003f0      0x148 Drivers/STM32F1xx_HAL_Driver/stm32f1xx_hal_rcc.o
 .debug_ranges  0x00000538       0x68 Drivers/STM32F1xx_HAL_Driver/stm32f1xx_hal_rcc_ex.o
 .debug_ranges  0x000005a0      0x360 Drivers/STM32F1xx_HAL_Driver/stm32f1xx_hal_tim.o
 .debug_ranges  0x00000900       0xd8 Drivers/STM32F1xx_HAL_Driver/stm32f1xx_hal_tim_ex.o
 .debug_ranges  0x000009d8       0x18 Drivers/CMSIS/system_stm32f1xx.o
 .debug_ranges  0x000009f0      0x1d0 Application/User/main.o
 .debug_ranges  0x00000bc0       0xf8 Application/User/stm32f1xx_hal_msp.o
 .debug_ranges  0x00000cb8       0x40 Application/User/stm32f1xx_it.o
 .debug_ranges  0x00000cf8       0x20 Application/SW4STM32/startup_stm32f103xe.o

.debug_macro    0x00000000    0x11e19
 .debug_macro   0x00000000      0x2d8 Drivers/STM32F1xx_HAL_Driver/stm32f1xx_hal.o
 .debug_macro   0x000002d8      0x886 Drivers/STM32F1xx_HAL_Driver/stm32f1xx_hal.o
 .debug_macro   0x00000b5e       0x94 Drivers/STM32F1xx_HAL_Driver/stm32f1xx_hal.o
 .debug_macro   0x00000bf2      0x198 Drivers/STM32F1xx_HAL_Driver/stm32f1xx_hal.o
 .debug_macro   0x00000d8a       0x2e Drivers/STM32F1xx_HAL_Driver/stm32f1xx_hal.o
 .debug_macro   0x00000db8       0x22 Drivers/STM32F1xx_HAL_Driver/stm32f1xx_hal.o
 .debug_macro   0x00000dda       0x22 Drivers/STM32F1xx_HAL_Driver/stm32f1xx_hal.o
 .debug_macro   0x00000dfc       0x44 Drivers/STM32F1xx_HAL_Driver/stm32f1xx_hal.o
 .debug_macro   0x00000e40       0xfd Drivers/STM32F1xx_HAL_Driver/stm32f1xx_hal.o
 .debug_macro   0x00000f3d       0x22 Drivers/STM32F1xx_HAL_Driver/stm32f1xx_hal.o
 .debug_macro   0x00000f5f      0x1df Drivers/STM32F1xx_HAL_Driver/stm32f1xx_hal.o
 .debug_macro   0x0000113e       0x34 Drivers/STM32F1xx_HAL_Driver/stm32f1xx_hal.o
 .debug_macro   0x00001172       0x34 Drivers/STM32F1xx_HAL_Driver/stm32f1xx_hal.o
 .debug_macro   0x000011a6      0xb8e Drivers/STM32F1xx_HAL_Driver/stm32f1xx_hal.o
 .debug_macro   0x00001d34     0x7575 Drivers/STM32F1xx_HAL_Driver/stm32f1xx_hal.o
 .debug_macro   0x000092a9       0x43 Drivers/STM32F1xx_HAL_Driver/stm32f1xx_hal.o
 .debug_macro   0x000092ec     0x31c3 Drivers/STM32F1xx_HAL_Driver/stm32f1xx_hal.o
 .debug_macro   0x0000c4af       0x58 Drivers/STM32F1xx_HAL_Driver/stm32f1xx_hal.o
 .debug_macro   0x0000c507       0x35 Drivers/STM32F1xx_HAL_Driver/stm32f1xx_hal.o
 .debug_macro   0x0000c53c       0x9c Drivers/STM32F1xx_HAL_Driver/stm32f1xx_hal.o
 .debug_macro   0x0000c5d8       0x16 Drivers/STM32F1xx_HAL_Driver/stm32f1xx_hal.o
 .debug_macro   0x0000c5ee       0x97 Drivers/STM32F1xx_HAL_Driver/stm32f1xx_hal.o
 .debug_macro   0x0000c685      0x329 Drivers/STM32F1xx_HAL_Driver/stm32f1xx_hal.o
 .debug_macro   0x0000c9ae       0xfd Drivers/STM32F1xx_HAL_Driver/stm32f1xx_hal.o
 .debug_macro   0x0000caab       0x10 Drivers/STM32F1xx_HAL_Driver/stm32f1xx_hal.o
 .debug_macro   0x0000cabb       0x52 Drivers/STM32F1xx_HAL_Driver/stm32f1xx_hal.o
 .debug_macro   0x0000cb0d       0x16 Drivers/STM32F1xx_HAL_Driver/stm32f1xx_hal.o
 .debug_macro   0x0000cb23       0x43 Drivers/STM32F1xx_HAL_Driver/stm32f1xx_hal.o
 .debug_macro   0x0000cb66      0x187 Drivers/STM32F1xx_HAL_Driver/stm32f1xx_hal.o
 .debug_macro   0x0000cced       0x10 Drivers/STM32F1xx_HAL_Driver/stm32f1xx_hal.o
 .debug_macro   0x0000ccfd       0x22 Drivers/STM32F1xx_HAL_Driver/stm32f1xx_hal.o
 .debug_macro   0x0000cd1f       0x3a Drivers/STM32F1xx_HAL_Driver/stm32f1xx_hal.o
 .debug_macro   0x0000cd59       0x10 Drivers/STM32F1xx_HAL_Driver/stm32f1xx_hal.o
 .debug_macro   0x0000cd69       0x40 Drivers/STM32F1xx_HAL_Driver/stm32f1xx_hal.o
 .debug_macro   0x0000cda9       0x65 Drivers/STM32F1xx_HAL_Driver/stm32f1xx_hal.o
 .debug_macro   0x0000ce0e       0x16 Drivers/STM32F1xx_HAL_Driver/stm32f1xx_hal.o
 .debug_macro   0x0000ce24      0x197 Drivers/STM32F1xx_HAL_Driver/stm32f1xx_hal.o
 .debug_macro   0x0000cfbb       0x50 Drivers/STM32F1xx_HAL_Driver/stm32f1xx_hal.o
 .debug_macro   0x0000d00b      0x77f Drivers/STM32F1xx_HAL_Driver/stm32f1xx_hal.o
 .debug_macro   0x0000d78a      0x4d7 Drivers/STM32F1xx_HAL_Driver/stm32f1xx_hal.o
 .debug_macro   0x0000dc61      0x141 Drivers/STM32F1xx_HAL_Driver/stm32f1xx_hal.o
 .debug_macro   0x0000dda2      0x1cf Drivers/STM32F1xx_HAL_Driver/stm32f1xx_hal.o
 .debug_macro   0x0000df71      0x1a7 Drivers/STM32F1xx_HAL_Driver/stm32f1xx_hal.o
 .debug_macro   0x0000e118       0x2a Drivers/STM32F1xx_HAL_Driver/stm32f1xx_hal.o
 .debug_macro   0x0000e142       0x3c Drivers/STM32F1xx_HAL_Driver/stm32f1xx_hal.o
 .debug_macro   0x0000e17e       0x57 Drivers/STM32F1xx_HAL_Driver/stm32f1xx_hal.o
 .debug_macro   0x0000e1d5      0x46a Drivers/STM32F1xx_HAL_Driver/stm32f1xx_hal.o
 .debug_macro   0x0000e63f      0x25d Drivers/STM32F1xx_HAL_Driver/stm32f1xx_hal.o
 .debug_macro   0x0000e89c       0x8c Drivers/STM32F1xx_HAL_Driver/stm32f1xx_hal.o
 .debug_macro   0x0000e928      0x250 Drivers/STM32F1xx_HAL_Driver/stm32f1xx_hal.o
 .debug_macro   0x0000eb78      0x143 Drivers/STM32F1xx_HAL_Driver/stm32f1xx_hal.o
 .debug_macro   0x0000ecbb      0x83e Drivers/STM32F1xx_HAL_Driver/stm32f1xx_hal.o
 .debug_macro   0x0000f4f9       0x11 Drivers/STM32F1xx_HAL_Driver/stm32f1xx_hal.o
 .debug_macro   0x0000f50a       0xae Drivers/STM32F1xx_HAL_Driver/stm32f1xx_hal.o
 .debug_macro   0x0000f5b8      0x2d1 Drivers/STM32F1xx_HAL_Driver/stm32f1xx_hal_adc.o
 .debug_macro   0x0000f889      0x2c6 Drivers/STM32F1xx_HAL_Driver/stm32f1xx_hal_adc_ex.o
 .debug_macro   0x0000fb4f      0x2b4 Drivers/STM32F1xx_HAL_Driver/stm32f1xx_hal_cortex.o
 .debug_macro   0x0000fe03      0x2ba Drivers/STM32F1xx_HAL_Driver/stm32f1xx_hal_dma.o
 .debug_macro   0x000100bd      0x324 Drivers/STM32F1xx_HAL_Driver/stm32f1xx_hal_gpio.o
 .debug_macro   0x000103e1      0x2c6 Drivers/STM32F1xx_HAL_Driver/stm32f1xx_hal_rcc.o
 .debug_macro   0x000106a7      0x2b4 Drivers/STM32F1xx_HAL_Driver/stm32f1xx_hal_rcc_ex.o
 .debug_macro   0x0001095b      0x2b5 Drivers/STM32F1xx_HAL_Driver/stm32f1xx_hal_tim.o
 .debug_macro   0x00010c10      0x2b4 Drivers/STM32F1xx_HAL_Driver/stm32f1xx_hal_tim_ex.o
 .debug_macro   0x00010ec4      0x2ba Drivers/CMSIS/system_stm32f1xx.o
 .debug_macro   0x0001117e      0x2f7 Application/User/main.o
 .debug_macro   0x00011475       0x10 Application/User/main.o
 .debug_macro   0x00011485      0x241 Application/User/main.o
 .debug_macro   0x000116c6      0x1e1 Application/User/main.o
 .debug_macro   0x000118a7      0x2b4 Application/User/stm32f1xx_hal_msp.o
 .debug_macro   0x00011b5b      0x2be Application/User/stm32f1xx_it.o

.debug_line     0x00000000     0xbbb9
 .debug_line    0x00000000      0xafd Drivers/STM32F1xx_HAL_Driver/stm32f1xx_hal.o
 .debug_line    0x00000afd      0xf6f Drivers/STM32F1xx_HAL_Driver/stm32f1xx_hal_adc.o
 .debug_line    0x00001a6c      0xe17 Drivers/STM32F1xx_HAL_Driver/stm32f1xx_hal_adc_ex.o
 .debug_line    0x00002883      0xb6e Drivers/STM32F1xx_HAL_Driver/stm32f1xx_hal_cortex.o
 .debug_line    0x000033f1     0x1017 Drivers/STM32F1xx_HAL_Driver/stm32f1xx_hal_dma.o
 .debug_line    0x00004408      0xb51 Drivers/STM32F1xx_HAL_Driver/stm32f1xx_hal_gpio.o
 .debug_line    0x00004f59      0xf8b Drivers/STM32F1xx_HAL_Driver/stm32f1xx_hal_rcc.o
 .debug_line    0x00005ee4      0xae3 Drivers/STM32F1xx_HAL_Driver/stm32f1xx_hal_rcc_ex.o
 .debug_line    0x000069c7     0x183f Drivers/STM32F1xx_HAL_Driver/stm32f1xx_hal_tim.o
 .debug_line    0x00008206      0xda6 Drivers/STM32F1xx_HAL_Driver/stm32f1xx_hal_tim_ex.o
 .debug_line    0x00008fac      0x9f3 Drivers/CMSIS/system_stm32f1xx.o
 .debug_line    0x0000999f      0xc25 Application/User/main.o
 .debug_line    0x0000a5c4      0xacc Application/User/stm32f1xx_hal_msp.o
 .debug_line    0x0000b090      0xa09 Application/User/stm32f1xx_it.o
 .debug_line    0x0000ba99      0x120 Application/SW4STM32/startup_stm32f103xe.o

.debug_str      0x00000000    0x6bc25
 .debug_str     0x00000000    0x67df2 Drivers/STM32F1xx_HAL_Driver/stm32f1xx_hal.o
                              0x6838a (size before relaxing)
 .debug_str     0x00067df2      0x69f Drivers/STM32F1xx_HAL_Driver/stm32f1xx_hal_adc.o
                              0x682cb (size before relaxing)
 .debug_str     0x00068491      0x364 Drivers/STM32F1xx_HAL_Driver/stm32f1xx_hal_adc_ex.o
                              0x682de (size before relaxing)
 .debug_str     0x000687f5      0x339 Drivers/STM32F1xx_HAL_Driver/stm32f1xx_hal_cortex.o
                              0x68394 (size before relaxing)
 .debug_str     0x00068b2e      0x1c9 Drivers/STM32F1xx_HAL_Driver/stm32f1xx_hal_dma.o
                              0x67f1e (size before relaxing)
 .debug_str     0x00068cf7      0x4cf Drivers/STM32F1xx_HAL_Driver/stm32f1xx_hal_gpio.o
                              0x68095 (size before relaxing)
 .debug_str     0x000691c6      0x3a3 Drivers/STM32F1xx_HAL_Driver/stm32f1xx_hal_rcc.o
                              0x6805d (size before relaxing)
 .debug_str     0x00069569      0x1aa Drivers/STM32F1xx_HAL_Driver/stm32f1xx_hal_rcc_ex.o
                              0x67e11 (size before relaxing)
 .debug_str     0x00069713      0xc70 Drivers/STM32F1xx_HAL_Driver/stm32f1xx_hal_tim.o
                              0x68a8e (size before relaxing)
 .debug_str     0x0006a383      0x471 Drivers/STM32F1xx_HAL_Driver/stm32f1xx_hal_tim_ex.o
                              0x684bf (size before relaxing)
 .debug_str     0x0006a7f4      0x104 Drivers/CMSIS/system_stm32f1xx.o
                              0x67ce7 (size before relaxing)
 .debug_str     0x0006a8f8     0x10ec Application/User/main.o
                              0x69a01 (size before relaxing)
 .debug_str     0x0006b9e4      0x126 Application/User/stm32f1xx_hal_msp.o
                              0x68602 (size before relaxing)
 .debug_str     0x0006bb0a      0x11b Application/User/stm32f1xx_it.o
                              0x68182 (size before relaxing)

.comment        0x00000000       0x6e
 .comment       0x00000000       0x6e Drivers/STM32F1xx_HAL_Driver/stm32f1xx_hal.o
                                 0x6f (size before relaxing)
 .comment       0x0000006e       0x6f Drivers/STM32F1xx_HAL_Driver/stm32f1xx_hal_adc.o
 .comment       0x0000006e       0x6f Drivers/STM32F1xx_HAL_Driver/stm32f1xx_hal_adc_ex.o
 .comment       0x0000006e       0x6f Drivers/STM32F1xx_HAL_Driver/stm32f1xx_hal_cortex.o
 .comment       0x0000006e       0x6f Drivers/STM32F1xx_HAL_Driver/stm32f1xx_hal_dma.o
 .comment       0x0000006e       0x6f Drivers/STM32F1xx_HAL_Driver/stm32f1xx_hal_gpio.o
 .comment       0x0000006e       0x6f Drivers/STM32F1xx_HAL_Driver/stm32f1xx_hal_rcc.o
 .comment       0x0000006e       0x6f Drivers/STM32F1xx_HAL_Driver/stm32f1xx_hal_rcc_ex.o
 .comment       0x0000006e       0x6f Drivers/STM32F1xx_HAL_Driver/stm32f1xx_hal_tim.o
 .comment       0x0000006e       0x6f Drivers/STM32F1xx_HAL_Driver/stm32f1xx_hal_tim_ex.o
 .comment       0x0000006e       0x6f Drivers/CMSIS/system_stm32f1xx.o
 .comment       0x0000006e       0x6f Application/User/main.o
 .comment       0x0000006e       0x6f Application/User/stm32f1xx_hal_msp.o
 .comment       0x0000006e       0x6f Application/User/stm32f1xx_it.o

.debug_frame    0x00000000     0x1b5c
 .debug_frame   0x00000000      0x164 Drivers/STM32F1xx_HAL_Driver/stm32f1xx_hal.o
 .debug_frame   0x00000164      0x294 Drivers/STM32F1xx_HAL_Driver/stm32f1xx_hal_adc.o
 .debug_frame   0x000003f8      0x16c Drivers/STM32F1xx_HAL_Driver/stm32f1xx_hal_adc_ex.o
 .debug_frame   0x00000564      0x120 Drivers/STM32F1xx_HAL_Driver/stm32f1xx_hal_cortex.o
 .debug_frame   0x00000684      0x108 Drivers/STM32F1xx_HAL_Driver/stm32f1xx_hal_dma.o
 .debug_frame   0x0000078c       0xd4 Drivers/STM32F1xx_HAL_Driver/stm32f1xx_hal_gpio.o
 .debug_frame   0x00000860      0x164 Drivers/STM32F1xx_HAL_Driver/stm32f1xx_hal_rcc.o
 .debug_frame   0x000009c4       0x7c Drivers/STM32F1xx_HAL_Driver/stm32f1xx_hal_rcc_ex.o
 .debug_frame   0x00000a40      0x854 Drivers/STM32F1xx_HAL_Driver/stm32f1xx_hal_tim.o
 .debug_frame   0x00001294      0x324 Drivers/STM32F1xx_HAL_Driver/stm32f1xx_hal_tim_ex.o
 .debug_frame   0x000015b8       0x30 Drivers/CMSIS/system_stm32f1xx.o
 .debug_frame   0x000015e8      0x170 Application/User/main.o
 .debug_frame   0x00001758       0xe4 Application/User/stm32f1xx_hal_msp.o
 .debug_frame   0x0000183c       0xbc Application/User/stm32f1xx_it.o
 .debug_frame   0x000018f8       0x40 e:/programs/stmicroelectronics/systemworkbench/plugins/fr.ac6.mcu.externaltools.arm-none.win32_1.7.0.201602121829/tools/compiler/bin/../lib/gcc/arm-none-eabi/5.2.1/../../../../arm-none-eabi/lib/armv7-m\libm.a(lib_a-w_pow.o)
 .debug_frame   0x00001938       0x68 e:/programs/stmicroelectronics/systemworkbench/plugins/fr.ac6.mcu.externaltools.arm-none.win32_1.7.0.201602121829/tools/compiler/bin/../lib/gcc/arm-none-eabi/5.2.1/../../../../arm-none-eabi/lib/armv7-m\libm.a(lib_a-e_pow.o)
 .debug_frame   0x000019a0       0x30 e:/programs/stmicroelectronics/systemworkbench/plugins/fr.ac6.mcu.externaltools.arm-none.win32_1.7.0.201602121829/tools/compiler/bin/../lib/gcc/arm-none-eabi/5.2.1/../../../../arm-none-eabi/lib/armv7-m\libm.a(lib_a-e_sqrt.o)
 .debug_frame   0x000019d0       0x20 e:/programs/stmicroelectronics/systemworkbench/plugins/fr.ac6.mcu.externaltools.arm-none.win32_1.7.0.201602121829/tools/compiler/bin/../lib/gcc/arm-none-eabi/5.2.1/../../../../arm-none-eabi/lib/armv7-m\libm.a(lib_a-s_fabs.o)
 .debug_frame   0x000019f0       0x20 e:/programs/stmicroelectronics/systemworkbench/plugins/fr.ac6.mcu.externaltools.arm-none.win32_1.7.0.201602121829/tools/compiler/bin/../lib/gcc/arm-none-eabi/5.2.1/../../../../arm-none-eabi/lib/armv7-m\libm.a(lib_a-s_finite.o)
 .debug_frame   0x00001a10       0x34 e:/programs/stmicroelectronics/systemworkbench/plugins/fr.ac6.mcu.externaltools.arm-none.win32_1.7.0.201602121829/tools/compiler/bin/../lib/gcc/arm-none-eabi/5.2.1/../../../../arm-none-eabi/lib/armv7-m\libm.a(lib_a-s_fpclassify.o)
 .debug_frame   0x00001a44       0x20 e:/programs/stmicroelectronics/systemworkbench/plugins/fr.ac6.mcu.externaltools.arm-none.win32_1.7.0.201602121829/tools/compiler/bin/../lib/gcc/arm-none-eabi/5.2.1/../../../../arm-none-eabi/lib/armv7-m\libm.a(lib_a-s_matherr.o)
 .debug_frame   0x00001a64       0x20 e:/programs/stmicroelectronics/systemworkbench/plugins/fr.ac6.mcu.externaltools.arm-none.win32_1.7.0.201602121829/tools/compiler/bin/../lib/gcc/arm-none-eabi/5.2.1/../../../../arm-none-eabi/lib/armv7-m\libm.a(lib_a-s_nan.o)
 .debug_frame   0x00001a84       0x3c e:/programs/stmicroelectronics/systemworkbench/plugins/fr.ac6.mcu.externaltools.arm-none.win32_1.7.0.201602121829/tools/compiler/bin/../lib/gcc/arm-none-eabi/5.2.1/../../../../arm-none-eabi/lib/armv7-m\libm.a(lib_a-s_rint.o)
 .debug_frame   0x00001ac0       0x30 e:/programs/stmicroelectronics/systemworkbench/plugins/fr.ac6.mcu.externaltools.arm-none.win32_1.7.0.201602121829/tools/compiler/bin/../lib/gcc/arm-none-eabi/5.2.1/../../../../arm-none-eabi/lib/armv7-m\libm.a(lib_a-s_scalbn.o)
 .debug_frame   0x00001af0       0x20 e:/programs/stmicroelectronics/systemworkbench/plugins/fr.ac6.mcu.externaltools.arm-none.win32_1.7.0.201602121829/tools/compiler/bin/../lib/gcc/arm-none-eabi/5.2.1/../../../../arm-none-eabi/lib/armv7-m\libm.a(lib_a-s_copysign.o)
 .debug_frame   0x00001b10       0x20 e:/programs/stmicroelectronics/systemworkbench/plugins/fr.ac6.mcu.externaltools.arm-none.win32_1.7.0.201602121829/tools/compiler/bin/../lib/gcc/arm-none-eabi/5.2.1/../../../../arm-none-eabi/lib/armv7-m\libc_nano.a(lib_a-errno.o)
 .debug_frame   0x00001b30       0x2c e:/programs/stmicroelectronics/systemworkbench/plugins/fr.ac6.mcu.externaltools.arm-none.win32_1.7.0.201602121829/tools/compiler/bin/../lib/gcc/arm-none-eabi/5.2.1/../../../../arm-none-eabi/lib/armv7-m\libc_nano.a(lib_a-init.o)
